// Jest Snapshot v1, https://goo.gl/fbAQLP

exports[`Environments should get keys 1`] = `"ba375572076032642b24bce412555761"`;
